Archive member included because of file (symbol)

g:/eclipse_uc/avr/winavr/bin/../lib/gcc/avr/4.3.3/../../../../avr/lib/avr5\libm.a(addsf3.o)
                              ./mpu6050/mpu6050.o (__subsf3)
g:/eclipse_uc/avr/winavr/bin/../lib/gcc/avr/4.3.3/../../../../avr/lib/avr5\libm.a(addsf3x.o)
                              g:/eclipse_uc/avr/winavr/bin/../lib/gcc/avr/4.3.3/../../../../avr/lib/avr5\libm.a(addsf3.o) (__addsf3x)
g:/eclipse_uc/avr/winavr/bin/../lib/gcc/avr/4.3.3/../../../../avr/lib/avr5\libm.a(asin.o)
                              ./mpu6050/mpu6050.o (asin)
g:/eclipse_uc/avr/winavr/bin/../lib/gcc/avr/4.3.3/../../../../avr/lib/avr5\libm.a(atan2.o)
                              ./mpu6050/mpu6050.o (atan2)
g:/eclipse_uc/avr/winavr/bin/../lib/gcc/avr/4.3.3/../../../../avr/lib/avr5\libm.a(atan.o)
                              g:/eclipse_uc/avr/winavr/bin/../lib/gcc/avr/4.3.3/../../../../avr/lib/avr5\libm.a(atan2.o) (atan)
g:/eclipse_uc/avr/winavr/bin/../lib/gcc/avr/4.3.3/../../../../avr/lib/avr5\libm.a(cmpsf2.o)
                              ./mpu6050/mpu6050.o (__eqsf2)
g:/eclipse_uc/avr/winavr/bin/../lib/gcc/avr/4.3.3/../../../../avr/lib/avr5\libm.a(divsf3.o)
                              ./mpu6050/mpu6050.o (__divsf3)
g:/eclipse_uc/avr/winavr/bin/../lib/gcc/avr/4.3.3/../../../../avr/lib/avr5\libm.a(divsf3x.o)
                              g:/eclipse_uc/avr/winavr/bin/../lib/gcc/avr/4.3.3/../../../../avr/lib/avr5\libm.a(divsf3.o) (__divsf3x)
g:/eclipse_uc/avr/winavr/bin/../lib/gcc/avr/4.3.3/../../../../avr/lib/avr5\libm.a(floatsisf.o)
                              ./mpu6050/mpu6050.o (__floatsisf)
g:/eclipse_uc/avr/winavr/bin/../lib/gcc/avr/4.3.3/../../../../avr/lib/avr5\libm.a(fp_arccos.o)
                              g:/eclipse_uc/avr/winavr/bin/../lib/gcc/avr/4.3.3/../../../../avr/lib/avr5\libm.a(asin.o) (__fp_arccos)
g:/eclipse_uc/avr/winavr/bin/../lib/gcc/avr/4.3.3/../../../../avr/lib/avr5\libm.a(fp_cmp.o)
                              g:/eclipse_uc/avr/winavr/bin/../lib/gcc/avr/4.3.3/../../../../avr/lib/avr5\libm.a(cmpsf2.o) (__fp_cmp)
g:/eclipse_uc/avr/winavr/bin/../lib/gcc/avr/4.3.3/../../../../avr/lib/avr5\libm.a(fp_inf.o)
                              g:/eclipse_uc/avr/winavr/bin/../lib/gcc/avr/4.3.3/../../../../avr/lib/avr5\libm.a(addsf3x.o) (__fp_inf)
g:/eclipse_uc/avr/winavr/bin/../lib/gcc/avr/4.3.3/../../../../avr/lib/avr5\libm.a(fp_nan.o)
                              g:/eclipse_uc/avr/winavr/bin/../lib/gcc/avr/4.3.3/../../../../avr/lib/avr5\libm.a(addsf3x.o) (__fp_nan)
g:/eclipse_uc/avr/winavr/bin/../lib/gcc/avr/4.3.3/../../../../avr/lib/avr5\libm.a(fp_powser.o)
                              g:/eclipse_uc/avr/winavr/bin/../lib/gcc/avr/4.3.3/../../../../avr/lib/avr5\libm.a(atan.o) (__fp_powser)
g:/eclipse_uc/avr/winavr/bin/../lib/gcc/avr/4.3.3/../../../../avr/lib/avr5\libm.a(fp_powsodd.o)
                              g:/eclipse_uc/avr/winavr/bin/../lib/gcc/avr/4.3.3/../../../../avr/lib/avr5\libm.a(asin.o) (__fp_powsodd)
g:/eclipse_uc/avr/winavr/bin/../lib/gcc/avr/4.3.3/../../../../avr/lib/avr5\libm.a(fp_pscA.o)
                              g:/eclipse_uc/avr/winavr/bin/../lib/gcc/avr/4.3.3/../../../../avr/lib/avr5\libm.a(addsf3x.o) (__fp_pscA)
g:/eclipse_uc/avr/winavr/bin/../lib/gcc/avr/4.3.3/../../../../avr/lib/avr5\libm.a(fp_pscB.o)
                              g:/eclipse_uc/avr/winavr/bin/../lib/gcc/avr/4.3.3/../../../../avr/lib/avr5\libm.a(addsf3x.o) (__fp_pscB)
g:/eclipse_uc/avr/winavr/bin/../lib/gcc/avr/4.3.3/../../../../avr/lib/avr5\libm.a(fp_round.o)
                              g:/eclipse_uc/avr/winavr/bin/../lib/gcc/avr/4.3.3/../../../../avr/lib/avr5\libm.a(addsf3.o) (__fp_round)
g:/eclipse_uc/avr/winavr/bin/../lib/gcc/avr/4.3.3/../../../../avr/lib/avr5\libm.a(fp_split3.o)
                              g:/eclipse_uc/avr/winavr/bin/../lib/gcc/avr/4.3.3/../../../../avr/lib/avr5\libm.a(addsf3x.o) (__fp_split3)
g:/eclipse_uc/avr/winavr/bin/../lib/gcc/avr/4.3.3/../../../../avr/lib/avr5\libm.a(fp_zero.o)
                              g:/eclipse_uc/avr/winavr/bin/../lib/gcc/avr/4.3.3/../../../../avr/lib/avr5\libm.a(addsf3x.o) (__fp_zero)
g:/eclipse_uc/avr/winavr/bin/../lib/gcc/avr/4.3.3/../../../../avr/lib/avr5\libm.a(inverse.o)
                              g:/eclipse_uc/avr/winavr/bin/../lib/gcc/avr/4.3.3/../../../../avr/lib/avr5\libm.a(atan.o) (inverse)
g:/eclipse_uc/avr/winavr/bin/../lib/gcc/avr/4.3.3/../../../../avr/lib/avr5\libm.a(mulsf3.o)
                              ./mpu6050/mpu6050.o (__mulsf3)
g:/eclipse_uc/avr/winavr/bin/../lib/gcc/avr/4.3.3/../../../../avr/lib/avr5\libm.a(mulsf3x.o)
                              g:/eclipse_uc/avr/winavr/bin/../lib/gcc/avr/4.3.3/../../../../avr/lib/avr5\libm.a(atan.o) (__mulsf3x)
g:/eclipse_uc/avr/winavr/bin/../lib/gcc/avr/4.3.3/../../../../avr/lib/avr5\libm.a(sqrt.o)
                              ./mpu6050/mpu6050.o (sqrt)
g:/eclipse_uc/avr/winavr/bin/../lib/gcc/avr/4.3.3/../../../../avr/lib/avr5\libm.a(square.o)
                              g:/eclipse_uc/avr/winavr/bin/../lib/gcc/avr/4.3.3/../../../../avr/lib/avr5\libm.a(atan.o) (square)
g:/eclipse_uc/avr/winavr/bin/../lib/gcc/avr/4.3.3/../../../../avr/lib/avr5\libm.a(fp_mpack.o)
                              g:/eclipse_uc/avr/winavr/bin/../lib/gcc/avr/4.3.3/../../../../avr/lib/avr5\libm.a(sqrt.o) (__fp_mpack)
g:/eclipse_uc/avr/winavr/bin/../lib/gcc/avr/4.3.3/../../../../avr/lib/avr5\libm.a(fp_norm2.o)
                              g:/eclipse_uc/avr/winavr/bin/../lib/gcc/avr/4.3.3/../../../../avr/lib/avr5\libm.a(sqrt.o) (__fp_norm2)
g:/eclipse_uc/avr/winavr/bin/../lib/gcc/avr/4.3.3/../../../../avr/lib/avr5\libprintf_flt.a(vfprintf_flt.o)
                              (vfprintf)
g:/eclipse_uc/avr/winavr/bin/../lib/gcc/avr/4.3.3/avr5\libgcc.a(_divmodhi4.o)
                              ./uart/uart.o (__divmodhi4)
g:/eclipse_uc/avr/winavr/bin/../lib/gcc/avr/4.3.3/avr5\libgcc.a(_prologue.o)
                              g:/eclipse_uc/avr/winavr/bin/../lib/gcc/avr/4.3.3/../../../../avr/lib/avr5\libprintf_flt.a(vfprintf_flt.o) (__prologue_saves__)
g:/eclipse_uc/avr/winavr/bin/../lib/gcc/avr/4.3.3/avr5\libgcc.a(_epilogue.o)
                              g:/eclipse_uc/avr/winavr/bin/../lib/gcc/avr/4.3.3/../../../../avr/lib/avr5\libprintf_flt.a(vfprintf_flt.o) (__epilogue_restores__)
g:/eclipse_uc/avr/winavr/bin/../lib/gcc/avr/4.3.3/avr5\libgcc.a(_exit.o)
                              g:/eclipse_uc/avr/winavr/bin/../lib/gcc/avr/4.3.3/../../../../avr/lib/avr5/crtm328p.o (exit)
g:/eclipse_uc/avr/winavr/bin/../lib/gcc/avr/4.3.3/avr5\libgcc.a(_copy_data.o)
                              ./mpu6050/mpu6050.o (__do_copy_data)
g:/eclipse_uc/avr/winavr/bin/../lib/gcc/avr/4.3.3/avr5\libgcc.a(_clear_bss.o)
                              ./uart/uart.o (__do_clear_bss)
g:/eclipse_uc/avr/winavr/bin/../lib/gcc/avr/4.3.3/avr5\libgcc.a(_udivmodhi4.o)
                              g:/eclipse_uc/avr/winavr/bin/../lib/gcc/avr/4.3.3/avr5\libgcc.a(_divmodhi4.o) (__udivmodhi4)
g:/eclipse_uc/avr/winavr/bin/../lib/gcc/avr/4.3.3/../../../../avr/lib/avr5\libc.a(ftoa_engine.o)
                              g:/eclipse_uc/avr/winavr/bin/../lib/gcc/avr/4.3.3/../../../../avr/lib/avr5\libprintf_flt.a(vfprintf_flt.o) (__ftoa_engine)
g:/eclipse_uc/avr/winavr/bin/../lib/gcc/avr/4.3.3/../../../../avr/lib/avr5\libc.a(strnlen_P.o)
                              g:/eclipse_uc/avr/winavr/bin/../lib/gcc/avr/4.3.3/../../../../avr/lib/avr5\libprintf_flt.a(vfprintf_flt.o) (strnlen_P)
g:/eclipse_uc/avr/winavr/bin/../lib/gcc/avr/4.3.3/../../../../avr/lib/avr5\libc.a(strnlen.o)
                              g:/eclipse_uc/avr/winavr/bin/../lib/gcc/avr/4.3.3/../../../../avr/lib/avr5\libprintf_flt.a(vfprintf_flt.o) (strnlen)
g:/eclipse_uc/avr/winavr/bin/../lib/gcc/avr/4.3.3/../../../../avr/lib/avr5\libc.a(fputc.o)
                              g:/eclipse_uc/avr/winavr/bin/../lib/gcc/avr/4.3.3/../../../../avr/lib/avr5\libprintf_flt.a(vfprintf_flt.o) (fputc)
g:/eclipse_uc/avr/winavr/bin/../lib/gcc/avr/4.3.3/../../../../avr/lib/avr5\libc.a(puts.o)
                              ./main.o (puts)
g:/eclipse_uc/avr/winavr/bin/../lib/gcc/avr/4.3.3/../../../../avr/lib/avr5\libc.a(ultoa_invert.o)
                              g:/eclipse_uc/avr/winavr/bin/../lib/gcc/avr/4.3.3/../../../../avr/lib/avr5\libprintf_flt.a(vfprintf_flt.o) (__ultoa_invert)
g:/eclipse_uc/avr/winavr/bin/../lib/gcc/avr/4.3.3/../../../../avr/lib/avr5\libc.a(iob.o)
                              g:/eclipse_uc/avr/winavr/bin/../lib/gcc/avr/4.3.3/../../../../avr/lib/avr5\libc.a(puts.o) (__iob)

Allocating common symbols
Common symbol       size              file

buffer              0xe               ./mpu6050/mpu6050.o
__iob               0x6               g:/eclipse_uc/avr/winavr/bin/../lib/gcc/avr/4.3.3/../../../../avr/lib/avr5\libc.a(iob.o)

Memory Configuration

Name             Origin             Length             Attributes
text             0x00000000         0x00020000         xr
data             0x00800060         0x0000ffa0         rw !x
eeprom           0x00810000         0x00010000         rw !x
fuse             0x00820000         0x00000400         rw !x
lock             0x00830000         0x00000400         rw !x
signature        0x00840000         0x00000400         rw !x
*default*        0x00000000         0xffffffff

Linker script and memory map

Address of section .data set to 0x800100
LOAD g:/eclipse_uc/avr/winavr/bin/../lib/gcc/avr/4.3.3/../../../../avr/lib/avr5/crtm328p.o
LOAD ./uart/uart.o
LOAD ./mpu6050/mpu6050.o
LOAD ./mpu6050/mpu6050dmp6.o
LOAD ./i2chw/twimastertimeout.o
LOAD ./main.o
LOAD g:/eclipse_uc/avr/winavr/bin/../lib/gcc/avr/4.3.3/../../../../avr/lib/avr5\libm.a
LOAD g:/eclipse_uc/avr/winavr/bin/../lib/gcc/avr/4.3.3/../../../../avr/lib/avr5\libprintf_flt.a
LOAD g:/eclipse_uc/avr/winavr/bin/../lib/gcc/avr/4.3.3/avr5\libgcc.a
LOAD g:/eclipse_uc/avr/winavr/bin/../lib/gcc/avr/4.3.3/../../../../avr/lib/avr5\libc.a
LOAD g:/eclipse_uc/avr/winavr/bin/../lib/gcc/avr/4.3.3/avr5\libgcc.a

.hash
 *(.hash)

.dynsym
 *(.dynsym)

.dynstr
 *(.dynstr)

.gnu.version
 *(.gnu.version)

.gnu.version_d
 *(.gnu.version_d)

.gnu.version_r
 *(.gnu.version_r)

.rel.init
 *(.rel.init)

.rela.init
 *(.rela.init)

.rel.text
 *(.rel.text)
 *(.rel.text.*)
 *(.rel.gnu.linkonce.t*)

.rela.text
 *(.rela.text)
 *(.rela.text.*)
 *(.rela.gnu.linkonce.t*)

.rel.fini
 *(.rel.fini)

.rela.fini
 *(.rela.fini)

.rel.rodata
 *(.rel.rodata)
 *(.rel.rodata.*)
 *(.rel.gnu.linkonce.r*)

.rela.rodata
 *(.rela.rodata)
 *(.rela.rodata.*)
 *(.rela.gnu.linkonce.r*)

.rel.data
 *(.rel.data)
 *(.rel.data.*)
 *(.rel.gnu.linkonce.d*)

.rela.data
 *(.rela.data)
 *(.rela.data.*)
 *(.rela.gnu.linkonce.d*)

.rel.ctors
 *(.rel.ctors)

.rela.ctors
 *(.rela.ctors)

.rel.dtors
 *(.rel.dtors)

.rela.dtors
 *(.rela.dtors)

.rel.got
 *(.rel.got)

.rela.got
 *(.rela.got)

.rel.bss
 *(.rel.bss)

.rela.bss
 *(.rela.bss)

.rel.plt
 *(.rel.plt)

.rela.plt
 *(.rela.plt)

.text           0x00000000     0x2eec
 *(.vectors)
 .vectors       0x00000000       0x68 g:/eclipse_uc/avr/winavr/bin/../lib/gcc/avr/4.3.3/../../../../avr/lib/avr5/crtm328p.o
                0x00000000                __vectors
                0x00000000                __vector_default
 *(.vectors)
 *(.progmem.gcc*)
 .progmem.gcc_fplib
                0x00000068       0x14 g:/eclipse_uc/avr/winavr/bin/../lib/gcc/avr/4.3.3/../../../../avr/lib/avr5\libm.a(asin.o)
 .progmem.gcc_fplib
                0x0000007c       0x2d g:/eclipse_uc/avr/winavr/bin/../lib/gcc/avr/4.3.3/../../../../avr/lib/avr5\libm.a(atan.o)
 .progmem.gcc_fplib
                0x000000a9       0x28 g:/eclipse_uc/avr/winavr/bin/../lib/gcc/avr/4.3.3/../../../../avr/lib/avr5\libm.a(fp_arccos.o)
 *(.progmem*)
 .progmem.data  0x000000d1        0x8 g:/eclipse_uc/avr/winavr/bin/../lib/gcc/avr/4.3.3/../../../../avr/lib/avr5\libprintf_flt.a(vfprintf_flt.o)
 .progmem.data  0x000000d9       0xfa g:/eclipse_uc/avr/winavr/bin/../lib/gcc/avr/4.3.3/../../../../avr/lib/avr5\libc.a(ftoa_engine.o)
                0x000001d4                . = ALIGN (0x2)
 *fill*         0x000001d3        0x1 00
                0x000001d4                __trampolines_start = .
 *(.trampolines)
 .trampolines   0x000001d4        0x0 linker stubs
 *(.trampolines*)
                0x000001d4                __trampolines_end = .
 *(.jumptables)
 *(.jumptables*)
 *(.lowtext)
 *(.lowtext*)
                0x000001d4                __ctors_start = .
 *(.ctors)
                0x000001d4                __ctors_end = .
                0x000001d4                __dtors_start = .
 *(.dtors)
                0x000001d4                __dtors_end = .
 SORT(*)(.ctors)
 SORT(*)(.dtors)
 *(.init0)
 .init0         0x000001d4        0x0 g:/eclipse_uc/avr/winavr/bin/../lib/gcc/avr/4.3.3/../../../../avr/lib/avr5/crtm328p.o
                0x000001d4                __init
 *(.init0)
 *(.init1)
 *(.init1)
 *(.init2)
 .init2         0x000001d4        0xc g:/eclipse_uc/avr/winavr/bin/../lib/gcc/avr/4.3.3/../../../../avr/lib/avr5/crtm328p.o
 *(.init2)
 *(.init3)
 *(.init3)
 *(.init4)
 .init4         0x000001e0       0x16 g:/eclipse_uc/avr/winavr/bin/../lib/gcc/avr/4.3.3/avr5\libgcc.a(_copy_data.o)
                0x000001e0                __do_copy_data
 .init4         0x000001f6       0x10 g:/eclipse_uc/avr/winavr/bin/../lib/gcc/avr/4.3.3/avr5\libgcc.a(_clear_bss.o)
                0x000001f6                __do_clear_bss
 *(.init4)
 *(.init5)
 *(.init5)
 *(.init6)
 *(.init6)
 *(.init7)
 *(.init7)
 *(.init8)
 *(.init8)
 *(.init9)
 .init9         0x00000206        0x8 g:/eclipse_uc/avr/winavr/bin/../lib/gcc/avr/4.3.3/../../../../avr/lib/avr5/crtm328p.o
 *(.init9)
 *(.text)
 .text          0x0000020e        0x4 g:/eclipse_uc/avr/winavr/bin/../lib/gcc/avr/4.3.3/../../../../avr/lib/avr5/crtm328p.o
                0x0000020e                __vector_22
                0x0000020e                __vector_1
                0x0000020e                __vector_24
                0x0000020e                __vector_12
                0x0000020e                __bad_interrupt
                0x0000020e                __vector_6
                0x0000020e                __vector_3
                0x0000020e                __vector_23
                0x0000020e                __vector_25
                0x0000020e                __vector_11
                0x0000020e                __vector_13
                0x0000020e                __vector_17
                0x0000020e                __vector_7
                0x0000020e                __vector_5
                0x0000020e                __vector_4
                0x0000020e                __vector_9
                0x0000020e                __vector_2
                0x0000020e                __vector_21
                0x0000020e                __vector_15
                0x0000020e                __vector_8
                0x0000020e                __vector_14
                0x0000020e                __vector_10
                0x0000020e                __vector_20
 .text          0x00000212        0x0 ./uart/uart.o
 .text          0x00000212        0x0 ./mpu6050/mpu6050.o
 .text          0x00000212        0x0 ./mpu6050/mpu6050dmp6.o
 .text          0x00000212        0x0 ./i2chw/twimastertimeout.o
 .text          0x00000212        0x0 ./main.o
 .text          0x00000212        0x0 g:/eclipse_uc/avr/winavr/bin/../lib/gcc/avr/4.3.3/../../../../avr/lib/avr5\libm.a(addsf3.o)
 .text          0x00000212        0x0 g:/eclipse_uc/avr/winavr/bin/../lib/gcc/avr/4.3.3/../../../../avr/lib/avr5\libm.a(addsf3x.o)
 .text          0x00000212        0x0 g:/eclipse_uc/avr/winavr/bin/../lib/gcc/avr/4.3.3/../../../../avr/lib/avr5\libm.a(asin.o)
 .text          0x00000212        0x0 g:/eclipse_uc/avr/winavr/bin/../lib/gcc/avr/4.3.3/../../../../avr/lib/avr5\libm.a(atan2.o)
 .text          0x00000212        0x0 g:/eclipse_uc/avr/winavr/bin/../lib/gcc/avr/4.3.3/../../../../avr/lib/avr5\libm.a(atan.o)
 .text          0x00000212        0x0 g:/eclipse_uc/avr/winavr/bin/../lib/gcc/avr/4.3.3/../../../../avr/lib/avr5\libm.a(cmpsf2.o)
 .text          0x00000212        0x0 g:/eclipse_uc/avr/winavr/bin/../lib/gcc/avr/4.3.3/../../../../avr/lib/avr5\libm.a(divsf3.o)
 .text          0x00000212        0x0 g:/eclipse_uc/avr/winavr/bin/../lib/gcc/avr/4.3.3/../../../../avr/lib/avr5\libm.a(divsf3x.o)
 .text          0x00000212        0x0 g:/eclipse_uc/avr/winavr/bin/../lib/gcc/avr/4.3.3/../../../../avr/lib/avr5\libm.a(floatsisf.o)
 .text          0x00000212        0x0 g:/eclipse_uc/avr/winavr/bin/../lib/gcc/avr/4.3.3/../../../../avr/lib/avr5\libm.a(fp_arccos.o)
 .text          0x00000212        0x0 g:/eclipse_uc/avr/winavr/bin/../lib/gcc/avr/4.3.3/../../../../avr/lib/avr5\libm.a(fp_cmp.o)
 .text          0x00000212        0x0 g:/eclipse_uc/avr/winavr/bin/../lib/gcc/avr/4.3.3/../../../../avr/lib/avr5\libm.a(fp_inf.o)
 .text          0x00000212        0x0 g:/eclipse_uc/avr/winavr/bin/../lib/gcc/avr/4.3.3/../../../../avr/lib/avr5\libm.a(fp_nan.o)
 .text          0x00000212        0x0 g:/eclipse_uc/avr/winavr/bin/../lib/gcc/avr/4.3.3/../../../../avr/lib/avr5\libm.a(fp_powser.o)
 .text          0x00000212        0x0 g:/eclipse_uc/avr/winavr/bin/../lib/gcc/avr/4.3.3/../../../../avr/lib/avr5\libm.a(fp_powsodd.o)
 .text          0x00000212        0x0 g:/eclipse_uc/avr/winavr/bin/../lib/gcc/avr/4.3.3/../../../../avr/lib/avr5\libm.a(fp_pscA.o)
 .text          0x00000212        0x0 g:/eclipse_uc/avr/winavr/bin/../lib/gcc/avr/4.3.3/../../../../avr/lib/avr5\libm.a(fp_pscB.o)
 .text          0x00000212        0x0 g:/eclipse_uc/avr/winavr/bin/../lib/gcc/avr/4.3.3/../../../../avr/lib/avr5\libm.a(fp_round.o)
 .text          0x00000212        0x0 g:/eclipse_uc/avr/winavr/bin/../lib/gcc/avr/4.3.3/../../../../avr/lib/avr5\libm.a(fp_split3.o)
 .text          0x00000212        0x0 g:/eclipse_uc/avr/winavr/bin/../lib/gcc/avr/4.3.3/../../../../avr/lib/avr5\libm.a(fp_zero.o)
 .text          0x00000212        0x0 g:/eclipse_uc/avr/winavr/bin/../lib/gcc/avr/4.3.3/../../../../avr/lib/avr5\libm.a(inverse.o)
 .text          0x00000212        0x0 g:/eclipse_uc/avr/winavr/bin/../lib/gcc/avr/4.3.3/../../../../avr/lib/avr5\libm.a(mulsf3.o)
 .text          0x00000212        0x0 g:/eclipse_uc/avr/winavr/bin/../lib/gcc/avr/4.3.3/../../../../avr/lib/avr5\libm.a(mulsf3x.o)
 .text          0x00000212        0x0 g:/eclipse_uc/avr/winavr/bin/../lib/gcc/avr/4.3.3/../../../../avr/lib/avr5\libm.a(sqrt.o)
 .text          0x00000212        0x0 g:/eclipse_uc/avr/winavr/bin/../lib/gcc/avr/4.3.3/../../../../avr/lib/avr5\libm.a(square.o)
 .text          0x00000212        0x0 g:/eclipse_uc/avr/winavr/bin/../lib/gcc/avr/4.3.3/../../../../avr/lib/avr5\libm.a(fp_mpack.o)
 .text          0x00000212        0x0 g:/eclipse_uc/avr/winavr/bin/../lib/gcc/avr/4.3.3/../../../../avr/lib/avr5\libm.a(fp_norm2.o)
 .text          0x00000212        0x0 g:/eclipse_uc/avr/winavr/bin/../lib/gcc/avr/4.3.3/../../../../avr/lib/avr5\libprintf_flt.a(vfprintf_flt.o)
 .text          0x00000212        0x0 g:/eclipse_uc/avr/winavr/bin/../lib/gcc/avr/4.3.3/avr5\libgcc.a(_divmodhi4.o)
 .text          0x00000212        0x0 g:/eclipse_uc/avr/winavr/bin/../lib/gcc/avr/4.3.3/avr5\libgcc.a(_prologue.o)
 .text          0x00000212        0x0 g:/eclipse_uc/avr/winavr/bin/../lib/gcc/avr/4.3.3/avr5\libgcc.a(_epilogue.o)
 .text          0x00000212        0x0 g:/eclipse_uc/avr/winavr/bin/../lib/gcc/avr/4.3.3/avr5\libgcc.a(_exit.o)
 .text          0x00000212        0x0 g:/eclipse_uc/avr/winavr/bin/../lib/gcc/avr/4.3.3/avr5\libgcc.a(_copy_data.o)
 .text          0x00000212        0x0 g:/eclipse_uc/avr/winavr/bin/../lib/gcc/avr/4.3.3/avr5\libgcc.a(_clear_bss.o)
 .text          0x00000212        0x0 g:/eclipse_uc/avr/winavr/bin/../lib/gcc/avr/4.3.3/avr5\libgcc.a(_udivmodhi4.o)
 .text          0x00000212        0x0 g:/eclipse_uc/avr/winavr/bin/../lib/gcc/avr/4.3.3/../../../../avr/lib/avr5\libc.a(ftoa_engine.o)
 .text          0x00000212        0x0 g:/eclipse_uc/avr/winavr/bin/../lib/gcc/avr/4.3.3/../../../../avr/lib/avr5\libc.a(strnlen_P.o)
 .text          0x00000212        0x0 g:/eclipse_uc/avr/winavr/bin/../lib/gcc/avr/4.3.3/../../../../avr/lib/avr5\libc.a(strnlen.o)
 .text          0x00000212        0x0 g:/eclipse_uc/avr/winavr/bin/../lib/gcc/avr/4.3.3/../../../../avr/lib/avr5\libc.a(fputc.o)
 .text          0x00000212        0x0 g:/eclipse_uc/avr/winavr/bin/../lib/gcc/avr/4.3.3/../../../../avr/lib/avr5\libc.a(puts.o)
 .text          0x00000212        0x0 g:/eclipse_uc/avr/winavr/bin/../lib/gcc/avr/4.3.3/../../../../avr/lib/avr5\libc.a(ultoa_invert.o)
 .text          0x00000212        0x0 g:/eclipse_uc/avr/winavr/bin/../lib/gcc/avr/4.3.3/../../../../avr/lib/avr5\libc.a(iob.o)
                0x00000212                . = ALIGN (0x2)
 *(.text.*)
 .text.__vector_18
                0x00000212       0x58 ./uart/uart.o
                0x00000212                __vector_18
 .text.__vector_19
                0x0000026a       0x54 ./uart/uart.o
                0x0000026a                __vector_19
 .text.uart_init
                0x000002be       0x34 ./uart/uart.o
                0x000002be                uart_init
 .text.uart_getc
                0x000002f2       0x3a ./uart/uart.o
                0x000002f2                uart_getc
 .text.uart_putc
                0x0000032c       0x2c ./uart/uart.o
                0x0000032c                uart_putc
 .text.uart_puts
                0x00000358       0x1a ./uart/uart.o
                0x00000358                uart_puts
 .text.uart_puts_p
                0x00000372       0x1c ./uart/uart.o
                0x00000372                uart_puts_p
 .text.uart_available
                0x0000038e       0x1a ./uart/uart.o
                0x0000038e                uart_available
 .text.uart_flush
                0x000003a8        0xa ./uart/uart.o
                0x000003a8                uart_flush
 .text.mpu6050_getQuaternion
                0x000003b2       0x6a ./mpu6050/mpu6050.o
                0x000003b2                mpu6050_getQuaternion
 .text.mpu6050_getRollPitchYaw
                0x0000041c      0x374 ./mpu6050/mpu6050.o
                0x0000041c                mpu6050_getRollPitchYaw
 .text.mpu6050_mahonyUpdate
                0x00000790      0x986 ./mpu6050/mpu6050.o
                0x00000790                mpu6050_mahonyUpdate
 .text.mpu6050_writeBytes
                0x00001116       0x4e ./mpu6050/mpu6050.o
                0x00001116                mpu6050_writeBytes
 .text.mpu6050_writeByte
                0x00001164       0x20 ./mpu6050/mpu6050.o
                0x00001164                mpu6050_writeByte
 .text.mpu6050_readBytes
                0x00001184       0x84 ./mpu6050/mpu6050.o
                0x00001184                mpu6050_readBytes
 .text.mpu6050_getRawData
                0x00001208       0xd6 ./mpu6050/mpu6050.o
                0x00001208                mpu6050_getRawData
 .text.mpu6050_getConvData
                0x000012de      0x1a4 ./mpu6050/mpu6050.o
                0x000012de                mpu6050_getConvData
 .text.mpu6050_readByte
                0x00001482        0xa ./mpu6050/mpu6050.o
                0x00001482                mpu6050_readByte
 .text.mpu6050_writeBit
                0x0000148c       0x64 ./mpu6050/mpu6050.o
                0x0000148c                mpu6050_writeBit
 .text.mpu6050_setSleepEnabled
                0x000014f0        0xc ./mpu6050/mpu6050.o
                0x000014f0                mpu6050_setSleepEnabled
 .text.mpu6050_setSleepDisabled
                0x000014fc        0xc ./mpu6050/mpu6050.o
                0x000014fc                mpu6050_setSleepDisabled
 .text.mpu6050_writeBits
                0x00001508       0x8c ./mpu6050/mpu6050.o
                0x00001508                mpu6050_writeBits
 .text.mpu6050_init
                0x00001594       0x72 ./mpu6050/mpu6050.o
                0x00001594                mpu6050_init
 .text.mpu6050_readBit
                0x00001606       0x42 ./mpu6050/mpu6050.o
                0x00001606                mpu6050_readBit
 .text.mpu6050_readBits
                0x00001648       0x84 ./mpu6050/mpu6050.o
                0x00001648                mpu6050_readBits
 .text.mpu6050_testConnection
                0x000016cc       0x1e ./mpu6050/mpu6050.o
                0x000016cc                mpu6050_testConnection
 .text.mpu6050_updateQuaternion
                0x000016ea      0x21c ./mpu6050/mpu6050.o
                0x000016ea                mpu6050_updateQuaternion
 .text.__vector_16
                0x00001906       0x48 ./mpu6050/mpu6050.o
                0x00001906                __vector_16
 .text.i2c_init
                0x0000194e        0xc ./i2chw/twimastertimeout.o
                0x0000194e                i2c_init
 .text.i2c_start
                0x0000195a       0x8a ./i2chw/twimastertimeout.o
                0x0000195a                i2c_start
 .text.i2c_start_wait
                0x000019e4       0x80 ./i2chw/twimastertimeout.o
                0x000019e4                i2c_start_wait
 .text.i2c_rep_start
                0x00001a64        0x6 ./i2chw/twimastertimeout.o
                0x00001a64                i2c_rep_start
 .text.i2c_stop
                0x00001a6a       0x20 ./i2chw/twimastertimeout.o
                0x00001a6a                i2c_stop
 .text.i2c_write
                0x00001a8a       0x42 ./i2chw/twimastertimeout.o
                0x00001a8a                i2c_write
 .text.i2c_readAck
                0x00001acc       0x34 ./i2chw/twimastertimeout.o
                0x00001acc                i2c_readAck
 .text.i2c_readNak
                0x00001b00       0x34 ./i2chw/twimastertimeout.o
                0x00001b00                i2c_readNak
 .text.main     0x00001b34      0x26e ./main.o
                0x00001b34                main
 .text.avr-libc.fplib
                0x00001da2        0xa g:/eclipse_uc/avr/winavr/bin/../lib/gcc/avr/4.3.3/../../../../avr/lib/avr5\libm.a(addsf3.o)
                0x00001da2                __subsf3
                0x00001da4                __addsf3
 .text.avr-libc.fplib
                0x00001dac       0xc0 g:/eclipse_uc/avr/winavr/bin/../lib/gcc/avr/4.3.3/../../../../avr/lib/avr5\libm.a(addsf3x.o)
                0x00001dc6                __addsf3x
 .text.avr-libc.fplib
                0x00001e6c       0x2e g:/eclipse_uc/avr/winavr/bin/../lib/gcc/avr/4.3.3/../../../../avr/lib/avr5\libm.a(asin.o)
                0x00001e6c                asin
 .text.avr-libc.fplib
                0x00001e9a       0x74 g:/eclipse_uc/avr/winavr/bin/../lib/gcc/avr/4.3.3/../../../../avr/lib/avr5\libm.a(atan2.o)
                0x00001eb8                atan2
 .text.avr-libc.fplib
                0x00001f0e       0x50 g:/eclipse_uc/avr/winavr/bin/../lib/gcc/avr/4.3.3/../../../../avr/lib/avr5\libm.a(atan.o)
                0x00001f0e                atan
 .text.avr-libc.fplib
                0x00001f5e        0x8 g:/eclipse_uc/avr/winavr/bin/../lib/gcc/avr/4.3.3/../../../../avr/lib/avr5\libm.a(cmpsf2.o)
                0x00001f5e                __lesf2
                0x00001f5e                __nesf2
                0x00001f5e                __eqsf2
                0x00001f5e                __cmpsf2
                0x00001f5e                __ltsf2
 .text.avr-libc.fplib
                0x00001f66        0x4 g:/eclipse_uc/avr/winavr/bin/../lib/gcc/avr/4.3.3/../../../../avr/lib/avr5\libm.a(divsf3.o)
                0x00001f66                __divsf3
 .text.avr-libc.fplib
                0x00001f6a       0xcc g:/eclipse_uc/avr/winavr/bin/../lib/gcc/avr/4.3.3/../../../../avr/lib/avr5\libm.a(divsf3x.o)
                0x00001f80                __divsf3x
                0x00001f84                __divsf3_pse
 .text.avr-libc.fplib
                0x00002036       0x7a g:/eclipse_uc/avr/winavr/bin/../lib/gcc/avr/4.3.3/../../../../avr/lib/avr5\libm.a(floatsisf.o)
                0x0000203a                __floatsisf
                0x00002036                __floatunsisf
 .text.avr-libc.fplib
                0x000020b0       0x36 g:/eclipse_uc/avr/winavr/bin/../lib/gcc/avr/4.3.3/../../../../avr/lib/avr5\libm.a(fp_arccos.o)
                0x000020b0                __fp_arccos
 .text.avr-libc.fplib
                0x000020e6       0x48 g:/eclipse_uc/avr/winavr/bin/../lib/gcc/avr/4.3.3/../../../../avr/lib/avr5\libm.a(fp_cmp.o)
                0x000020e6                __fp_cmp
 .text.avr-libc.fplib
                0x0000212e        0xc g:/eclipse_uc/avr/winavr/bin/../lib/gcc/avr/4.3.3/../../../../avr/lib/avr5\libm.a(fp_inf.o)
                0x0000212e                __fp_inf
 .text.avr-libc.fplib
                0x0000213a        0x6 g:/eclipse_uc/avr/winavr/bin/../lib/gcc/avr/4.3.3/../../../../avr/lib/avr5\libm.a(fp_nan.o)
                0x0000213a                __fp_nan
 .text.avr-libc.fplib
                0x00002140       0x4a g:/eclipse_uc/avr/winavr/bin/../lib/gcc/avr/4.3.3/../../../../avr/lib/avr5\libm.a(fp_powser.o)
                0x00002140                __fp_powser
 .text.avr-libc.fplib
                0x0000218a       0x22 g:/eclipse_uc/avr/winavr/bin/../lib/gcc/avr/4.3.3/../../../../avr/lib/avr5\libm.a(fp_powsodd.o)
                0x0000218a                __fp_powsodd
 .text.avr-libc.fplib
                0x000021ac        0xe g:/eclipse_uc/avr/winavr/bin/../lib/gcc/avr/4.3.3/../../../../avr/lib/avr5\libm.a(fp_pscA.o)
                0x000021ac                __fp_pscA
 .text.avr-libc.fplib
                0x000021ba        0xe g:/eclipse_uc/avr/winavr/bin/../lib/gcc/avr/4.3.3/../../../../avr/lib/avr5\libm.a(fp_pscB.o)
                0x000021ba                __fp_pscB
 .text.avr-libc.fplib
                0x000021c8       0x22 g:/eclipse_uc/avr/winavr/bin/../lib/gcc/avr/4.3.3/../../../../avr/lib/avr5\libm.a(fp_round.o)
                0x000021c8                __fp_round
 .text.avr-libc.fplib
                0x000021ea       0x44 g:/eclipse_uc/avr/winavr/bin/../lib/gcc/avr/4.3.3/../../../../avr/lib/avr5\libm.a(fp_split3.o)
                0x000021ea                __fp_split3
                0x000021fa                __fp_splitA
 .text.avr-libc.fplib
                0x0000222e        0xe g:/eclipse_uc/avr/winavr/bin/../lib/gcc/avr/4.3.3/../../../../avr/lib/avr5\libm.a(fp_zero.o)
                0x0000222e                __fp_zero
                0x00002230                __fp_szero
 .text.avr-libc.fplib
                0x0000223c        0xe g:/eclipse_uc/avr/winavr/bin/../lib/gcc/avr/4.3.3/../../../../avr/lib/avr5\libm.a(inverse.o)
                0x0000223c                inverse
 .text.avr-libc.fplib
                0x0000224a        0x4 g:/eclipse_uc/avr/winavr/bin/../lib/gcc/avr/4.3.3/../../../../avr/lib/avr5\libm.a(mulsf3.o)
                0x0000224a                __mulsf3
 .text.avr-libc.fplib
                0x0000224e       0xc2 g:/eclipse_uc/avr/winavr/bin/../lib/gcc/avr/4.3.3/../../../../avr/lib/avr5\libm.a(mulsf3x.o)
                0x00002266                __mulsf3_pse
                0x00002262                __mulsf3x
 .text.avr-libc.fplib
                0x00002310       0x84 g:/eclipse_uc/avr/winavr/bin/../lib/gcc/avr/4.3.3/../../../../avr/lib/avr5\libm.a(sqrt.o)
                0x00002318                sqrt
 .text.avr-libc.fplib
                0x00002394        0x6 g:/eclipse_uc/avr/winavr/bin/../lib/gcc/avr/4.3.3/../../../../avr/lib/avr5\libm.a(square.o)
                0x00002394                square
 .text.avr-libc.fplib
                0x0000239a       0x1c g:/eclipse_uc/avr/winavr/bin/../lib/gcc/avr/4.3.3/../../../../avr/lib/avr5\libm.a(fp_mpack.o)
                0x0000239e                __fp_mpack_finite
                0x0000239a                __fp_mpack
 .text.avr-libc.fplib
                0x000023b6        0xe g:/eclipse_uc/avr/winavr/bin/../lib/gcc/avr/4.3.3/../../../../avr/lib/avr5\libm.a(fp_norm2.o)
                0x000023b6                __fp_norm2
 .text.avr-libc
                0x000023c4      0x70e g:/eclipse_uc/avr/winavr/bin/../lib/gcc/avr/4.3.3/../../../../avr/lib/avr5\libprintf_flt.a(vfprintf_flt.o)
                0x000023c4                vfprintf
 .text.libgcc   0x00002ad2       0x26 g:/eclipse_uc/avr/winavr/bin/../lib/gcc/avr/4.3.3/avr5\libgcc.a(_divmodhi4.o)
                0x00002ad2                __divmodhi4
                0x00002ad2                _div
 .text.libgcc   0x00002af8       0x38 g:/eclipse_uc/avr/winavr/bin/../lib/gcc/avr/4.3.3/avr5\libgcc.a(_prologue.o)
                0x00002af8                __prologue_saves__
 .text.libgcc   0x00002b30       0x36 g:/eclipse_uc/avr/winavr/bin/../lib/gcc/avr/4.3.3/avr5\libgcc.a(_epilogue.o)
                0x00002b30                __epilogue_restores__
 .text.libgcc   0x00002b66        0x0 g:/eclipse_uc/avr/winavr/bin/../lib/gcc/avr/4.3.3/avr5\libgcc.a(_exit.o)
 .text.libgcc   0x00002b66        0x0 g:/eclipse_uc/avr/winavr/bin/../lib/gcc/avr/4.3.3/avr5\libgcc.a(_copy_data.o)
 .text.libgcc   0x00002b66        0x0 g:/eclipse_uc/avr/winavr/bin/../lib/gcc/avr/4.3.3/avr5\libgcc.a(_clear_bss.o)
 .text.libgcc   0x00002b66       0x28 g:/eclipse_uc/avr/winavr/bin/../lib/gcc/avr/4.3.3/avr5\libgcc.a(_udivmodhi4.o)
                0x00002b66                __udivmodhi4
 .text.avr-libc
                0x00002b8e      0x1b0 g:/eclipse_uc/avr/winavr/bin/../lib/gcc/avr/4.3.3/../../../../avr/lib/avr5\libc.a(ftoa_engine.o)
                0x00002b8e                __ftoa_engine
 .text.avr-libc
                0x00002d3e       0x16 g:/eclipse_uc/avr/winavr/bin/../lib/gcc/avr/4.3.3/../../../../avr/lib/avr5\libc.a(strnlen_P.o)
                0x00002d3e                strnlen_P
 .text.avr-libc
                0x00002d54       0x16 g:/eclipse_uc/avr/winavr/bin/../lib/gcc/avr/4.3.3/../../../../avr/lib/avr5\libc.a(strnlen.o)
                0x00002d54                strnlen
 .text.avr-libc
                0x00002d6a       0x58 g:/eclipse_uc/avr/winavr/bin/../lib/gcc/avr/4.3.3/../../../../avr/lib/avr5\libc.a(fputc.o)
                0x00002d6a                fputc
 .text.avr-libc
                0x00002dc2       0x6a g:/eclipse_uc/avr/winavr/bin/../lib/gcc/avr/4.3.3/../../../../avr/lib/avr5\libc.a(puts.o)
                0x00002dc2                puts
 .text.avr-libc
                0x00002e2c       0xbc g:/eclipse_uc/avr/winavr/bin/../lib/gcc/avr/4.3.3/../../../../avr/lib/avr5\libc.a(ultoa_invert.o)
                0x00002e2c                __ultoa_invert
                0x00002ee8                . = ALIGN (0x2)
 *(.fini9)
 .fini9         0x00002ee8        0x0 g:/eclipse_uc/avr/winavr/bin/../lib/gcc/avr/4.3.3/avr5\libgcc.a(_exit.o)
                0x00002ee8                exit
                0x00002ee8                _exit
 *(.fini9)
 *(.fini8)
 *(.fini8)
 *(.fini7)
 *(.fini7)
 *(.fini6)
 *(.fini6)
 *(.fini5)
 *(.fini5)
 *(.fini4)
 *(.fini4)
 *(.fini3)
 *(.fini3)
 *(.fini2)
 *(.fini2)
 *(.fini1)
 *(.fini1)
 *(.fini0)
 .fini0         0x00002ee8        0x4 g:/eclipse_uc/avr/winavr/bin/../lib/gcc/avr/4.3.3/avr5\libgcc.a(_exit.o)
 *(.fini0)
                0x00002eec                _etext = .

.data           0x00800100        0xe load address 0x00002eec
                0x00800100                PROVIDE (__data_start, .)
 *(.data)
 .data          0x00800100        0x0 g:/eclipse_uc/avr/winavr/bin/../lib/gcc/avr/4.3.3/../../../../avr/lib/avr5/crtm328p.o
 .data          0x00800100        0x0 ./uart/uart.o
 .data          0x00800100        0x0 ./mpu6050/mpu6050.o
 .data          0x00800100        0x0 ./mpu6050/mpu6050dmp6.o
 .data          0x00800100        0x0 ./i2chw/twimastertimeout.o
 .data          0x00800100        0xa ./main.o
 .data          0x0080010a        0x0 g:/eclipse_uc/avr/winavr/bin/../lib/gcc/avr/4.3.3/../../../../avr/lib/avr5\libm.a(addsf3.o)
 .data          0x0080010a        0x0 g:/eclipse_uc/avr/winavr/bin/../lib/gcc/avr/4.3.3/../../../../avr/lib/avr5\libm.a(addsf3x.o)
 .data          0x0080010a        0x0 g:/eclipse_uc/avr/winavr/bin/../lib/gcc/avr/4.3.3/../../../../avr/lib/avr5\libm.a(asin.o)
 .data          0x0080010a        0x0 g:/eclipse_uc/avr/winavr/bin/../lib/gcc/avr/4.3.3/../../../../avr/lib/avr5\libm.a(atan2.o)
 .data          0x0080010a        0x0 g:/eclipse_uc/avr/winavr/bin/../lib/gcc/avr/4.3.3/../../../../avr/lib/avr5\libm.a(atan.o)
 .data          0x0080010a        0x0 g:/eclipse_uc/avr/winavr/bin/../lib/gcc/avr/4.3.3/../../../../avr/lib/avr5\libm.a(cmpsf2.o)
 .data          0x0080010a        0x0 g:/eclipse_uc/avr/winavr/bin/../lib/gcc/avr/4.3.3/../../../../avr/lib/avr5\libm.a(divsf3.o)
 .data          0x0080010a        0x0 g:/eclipse_uc/avr/winavr/bin/../lib/gcc/avr/4.3.3/../../../../avr/lib/avr5\libm.a(divsf3x.o)
 .data          0x0080010a        0x0 g:/eclipse_uc/avr/winavr/bin/../lib/gcc/avr/4.3.3/../../../../avr/lib/avr5\libm.a(floatsisf.o)
 .data          0x0080010a        0x0 g:/eclipse_uc/avr/winavr/bin/../lib/gcc/avr/4.3.3/../../../../avr/lib/avr5\libm.a(fp_arccos.o)
 .data          0x0080010a        0x0 g:/eclipse_uc/avr/winavr/bin/../lib/gcc/avr/4.3.3/../../../../avr/lib/avr5\libm.a(fp_cmp.o)
 .data          0x0080010a        0x0 g:/eclipse_uc/avr/winavr/bin/../lib/gcc/avr/4.3.3/../../../../avr/lib/avr5\libm.a(fp_inf.o)
 .data          0x0080010a        0x0 g:/eclipse_uc/avr/winavr/bin/../lib/gcc/avr/4.3.3/../../../../avr/lib/avr5\libm.a(fp_nan.o)
 .data          0x0080010a        0x0 g:/eclipse_uc/avr/winavr/bin/../lib/gcc/avr/4.3.3/../../../../avr/lib/avr5\libm.a(fp_powser.o)
 .data          0x0080010a        0x0 g:/eclipse_uc/avr/winavr/bin/../lib/gcc/avr/4.3.3/../../../../avr/lib/avr5\libm.a(fp_powsodd.o)
 .data          0x0080010a        0x0 g:/eclipse_uc/avr/winavr/bin/../lib/gcc/avr/4.3.3/../../../../avr/lib/avr5\libm.a(fp_pscA.o)
 .data          0x0080010a        0x0 g:/eclipse_uc/avr/winavr/bin/../lib/gcc/avr/4.3.3/../../../../avr/lib/avr5\libm.a(fp_pscB.o)
 .data          0x0080010a        0x0 g:/eclipse_uc/avr/winavr/bin/../lib/gcc/avr/4.3.3/../../../../avr/lib/avr5\libm.a(fp_round.o)
 .data          0x0080010a        0x0 g:/eclipse_uc/avr/winavr/bin/../lib/gcc/avr/4.3.3/../../../../avr/lib/avr5\libm.a(fp_split3.o)
 .data          0x0080010a        0x0 g:/eclipse_uc/avr/winavr/bin/../lib/gcc/avr/4.3.3/../../../../avr/lib/avr5\libm.a(fp_zero.o)
 .data          0x0080010a        0x0 g:/eclipse_uc/avr/winavr/bin/../lib/gcc/avr/4.3.3/../../../../avr/lib/avr5\libm.a(inverse.o)
 .data          0x0080010a        0x0 g:/eclipse_uc/avr/winavr/bin/../lib/gcc/avr/4.3.3/../../../../avr/lib/avr5\libm.a(mulsf3.o)
 .data          0x0080010a        0x0 g:/eclipse_uc/avr/winavr/bin/../lib/gcc/avr/4.3.3/../../../../avr/lib/avr5\libm.a(mulsf3x.o)
 .data          0x0080010a        0x0 g:/eclipse_uc/avr/winavr/bin/../lib/gcc/avr/4.3.3/../../../../avr/lib/avr5\libm.a(sqrt.o)
 .data          0x0080010a        0x0 g:/eclipse_uc/avr/winavr/bin/../lib/gcc/avr/4.3.3/../../../../avr/lib/avr5\libm.a(square.o)
 .data          0x0080010a        0x0 g:/eclipse_uc/avr/winavr/bin/../lib/gcc/avr/4.3.3/../../../../avr/lib/avr5\libm.a(fp_mpack.o)
 .data          0x0080010a        0x0 g:/eclipse_uc/avr/winavr/bin/../lib/gcc/avr/4.3.3/../../../../avr/lib/avr5\libm.a(fp_norm2.o)
 .data          0x0080010a        0x0 g:/eclipse_uc/avr/winavr/bin/../lib/gcc/avr/4.3.3/../../../../avr/lib/avr5\libprintf_flt.a(vfprintf_flt.o)
 .data          0x0080010a        0x0 g:/eclipse_uc/avr/winavr/bin/../lib/gcc/avr/4.3.3/avr5\libgcc.a(_divmodhi4.o)
 .data          0x0080010a        0x0 g:/eclipse_uc/avr/winavr/bin/../lib/gcc/avr/4.3.3/avr5\libgcc.a(_prologue.o)
 .data          0x0080010a        0x0 g:/eclipse_uc/avr/winavr/bin/../lib/gcc/avr/4.3.3/avr5\libgcc.a(_epilogue.o)
 .data          0x0080010a        0x0 g:/eclipse_uc/avr/winavr/bin/../lib/gcc/avr/4.3.3/avr5\libgcc.a(_exit.o)
 .data          0x0080010a        0x0 g:/eclipse_uc/avr/winavr/bin/../lib/gcc/avr/4.3.3/avr5\libgcc.a(_copy_data.o)
 .data          0x0080010a        0x0 g:/eclipse_uc/avr/winavr/bin/../lib/gcc/avr/4.3.3/avr5\libgcc.a(_clear_bss.o)
 .data          0x0080010a        0x0 g:/eclipse_uc/avr/winavr/bin/../lib/gcc/avr/4.3.3/avr5\libgcc.a(_udivmodhi4.o)
 .data          0x0080010a        0x0 g:/eclipse_uc/avr/winavr/bin/../lib/gcc/avr/4.3.3/../../../../avr/lib/avr5\libc.a(ftoa_engine.o)
 .data          0x0080010a        0x0 g:/eclipse_uc/avr/winavr/bin/../lib/gcc/avr/4.3.3/../../../../avr/lib/avr5\libc.a(strnlen_P.o)
 .data          0x0080010a        0x0 g:/eclipse_uc/avr/winavr/bin/../lib/gcc/avr/4.3.3/../../../../avr/lib/avr5\libc.a(strnlen.o)
 .data          0x0080010a        0x0 g:/eclipse_uc/avr/winavr/bin/../lib/gcc/avr/4.3.3/../../../../avr/lib/avr5\libc.a(fputc.o)
 .data          0x0080010a        0x0 g:/eclipse_uc/avr/winavr/bin/../lib/gcc/avr/4.3.3/../../../../avr/lib/avr5\libc.a(puts.o)
 .data          0x0080010a        0x0 g:/eclipse_uc/avr/winavr/bin/../lib/gcc/avr/4.3.3/../../../../avr/lib/avr5\libc.a(ultoa_invert.o)
 .data          0x0080010a        0x0 g:/eclipse_uc/avr/winavr/bin/../lib/gcc/avr/4.3.3/../../../../avr/lib/avr5\libc.a(iob.o)
 *(.data*)
 .data.q0       0x0080010a        0x4 ./mpu6050/mpu6050.o
                0x0080010a                q0
 *(.rodata)
 *(.rodata*)
 *(.gnu.linkonce.d*)
                0x0080010e                . = ALIGN (0x2)
                0x0080010e                _edata = .
                0x0080010e                PROVIDE (__data_end, .)

.bss            0x0080010e       0x71
                0x0080010e                PROVIDE (__bss_start, .)
 *(.bss)
 .bss           0x0080010e        0x0 g:/eclipse_uc/avr/winavr/bin/../lib/gcc/avr/4.3.3/../../../../avr/lib/avr5/crtm328p.o
 .bss           0x0080010e        0x0 ./uart/uart.o
 .bss           0x0080010e        0x0 ./mpu6050/mpu6050.o
 .bss           0x0080010e        0x0 ./mpu6050/mpu6050dmp6.o
 .bss           0x0080010e        0x0 ./i2chw/twimastertimeout.o
 .bss           0x0080010e        0x0 ./main.o
 .bss           0x0080010e        0x0 g:/eclipse_uc/avr/winavr/bin/../lib/gcc/avr/4.3.3/../../../../avr/lib/avr5\libm.a(addsf3.o)
 .bss           0x0080010e        0x0 g:/eclipse_uc/avr/winavr/bin/../lib/gcc/avr/4.3.3/../../../../avr/lib/avr5\libm.a(addsf3x.o)
 .bss           0x0080010e        0x0 g:/eclipse_uc/avr/winavr/bin/../lib/gcc/avr/4.3.3/../../../../avr/lib/avr5\libm.a(asin.o)
 .bss           0x0080010e        0x0 g:/eclipse_uc/avr/winavr/bin/../lib/gcc/avr/4.3.3/../../../../avr/lib/avr5\libm.a(atan2.o)
 .bss           0x0080010e        0x0 g:/eclipse_uc/avr/winavr/bin/../lib/gcc/avr/4.3.3/../../../../avr/lib/avr5\libm.a(atan.o)
 .bss           0x0080010e        0x0 g:/eclipse_uc/avr/winavr/bin/../lib/gcc/avr/4.3.3/../../../../avr/lib/avr5\libm.a(cmpsf2.o)
 .bss           0x0080010e        0x0 g:/eclipse_uc/avr/winavr/bin/../lib/gcc/avr/4.3.3/../../../../avr/lib/avr5\libm.a(divsf3.o)
 .bss           0x0080010e        0x0 g:/eclipse_uc/avr/winavr/bin/../lib/gcc/avr/4.3.3/../../../../avr/lib/avr5\libm.a(divsf3x.o)
 .bss           0x0080010e        0x0 g:/eclipse_uc/avr/winavr/bin/../lib/gcc/avr/4.3.3/../../../../avr/lib/avr5\libm.a(floatsisf.o)
 .bss           0x0080010e        0x0 g:/eclipse_uc/avr/winavr/bin/../lib/gcc/avr/4.3.3/../../../../avr/lib/avr5\libm.a(fp_arccos.o)
 .bss           0x0080010e        0x0 g:/eclipse_uc/avr/winavr/bin/../lib/gcc/avr/4.3.3/../../../../avr/lib/avr5\libm.a(fp_cmp.o)
 .bss           0x0080010e        0x0 g:/eclipse_uc/avr/winavr/bin/../lib/gcc/avr/4.3.3/../../../../avr/lib/avr5\libm.a(fp_inf.o)
 .bss           0x0080010e        0x0 g:/eclipse_uc/avr/winavr/bin/../lib/gcc/avr/4.3.3/../../../../avr/lib/avr5\libm.a(fp_nan.o)
 .bss           0x0080010e        0x0 g:/eclipse_uc/avr/winavr/bin/../lib/gcc/avr/4.3.3/../../../../avr/lib/avr5\libm.a(fp_powser.o)
 .bss           0x0080010e        0x0 g:/eclipse_uc/avr/winavr/bin/../lib/gcc/avr/4.3.3/../../../../avr/lib/avr5\libm.a(fp_powsodd.o)
 .bss           0x0080010e        0x0 g:/eclipse_uc/avr/winavr/bin/../lib/gcc/avr/4.3.3/../../../../avr/lib/avr5\libm.a(fp_pscA.o)
 .bss           0x0080010e        0x0 g:/eclipse_uc/avr/winavr/bin/../lib/gcc/avr/4.3.3/../../../../avr/lib/avr5\libm.a(fp_pscB.o)
 .bss           0x0080010e        0x0 g:/eclipse_uc/avr/winavr/bin/../lib/gcc/avr/4.3.3/../../../../avr/lib/avr5\libm.a(fp_round.o)
 .bss           0x0080010e        0x0 g:/eclipse_uc/avr/winavr/bin/../lib/gcc/avr/4.3.3/../../../../avr/lib/avr5\libm.a(fp_split3.o)
 .bss           0x0080010e        0x0 g:/eclipse_uc/avr/winavr/bin/../lib/gcc/avr/4.3.3/../../../../avr/lib/avr5\libm.a(fp_zero.o)
 .bss           0x0080010e        0x0 g:/eclipse_uc/avr/winavr/bin/../lib/gcc/avr/4.3.3/../../../../avr/lib/avr5\libm.a(inverse.o)
 .bss           0x0080010e        0x0 g:/eclipse_uc/avr/winavr/bin/../lib/gcc/avr/4.3.3/../../../../avr/lib/avr5\libm.a(mulsf3.o)
 .bss           0x0080010e        0x0 g:/eclipse_uc/avr/winavr/bin/../lib/gcc/avr/4.3.3/../../../../avr/lib/avr5\libm.a(mulsf3x.o)
 .bss           0x0080010e        0x0 g:/eclipse_uc/avr/winavr/bin/../lib/gcc/avr/4.3.3/../../../../avr/lib/avr5\libm.a(sqrt.o)
 .bss           0x0080010e        0x0 g:/eclipse_uc/avr/winavr/bin/../lib/gcc/avr/4.3.3/../../../../avr/lib/avr5\libm.a(square.o)
 .bss           0x0080010e        0x0 g:/eclipse_uc/avr/winavr/bin/../lib/gcc/avr/4.3.3/../../../../avr/lib/avr5\libm.a(fp_mpack.o)
 .bss           0x0080010e        0x0 g:/eclipse_uc/avr/winavr/bin/../lib/gcc/avr/4.3.3/../../../../avr/lib/avr5\libm.a(fp_norm2.o)
 .bss           0x0080010e        0x0 g:/eclipse_uc/avr/winavr/bin/../lib/gcc/avr/4.3.3/../../../../avr/lib/avr5\libprintf_flt.a(vfprintf_flt.o)
 .bss           0x0080010e        0x0 g:/eclipse_uc/avr/winavr/bin/../lib/gcc/avr/4.3.3/avr5\libgcc.a(_divmodhi4.o)
 .bss           0x0080010e        0x0 g:/eclipse_uc/avr/winavr/bin/../lib/gcc/avr/4.3.3/avr5\libgcc.a(_prologue.o)
 .bss           0x0080010e        0x0 g:/eclipse_uc/avr/winavr/bin/../lib/gcc/avr/4.3.3/avr5\libgcc.a(_epilogue.o)
 .bss           0x0080010e        0x0 g:/eclipse_uc/avr/winavr/bin/../lib/gcc/avr/4.3.3/avr5\libgcc.a(_exit.o)
 .bss           0x0080010e        0x0 g:/eclipse_uc/avr/winavr/bin/../lib/gcc/avr/4.3.3/avr5\libgcc.a(_copy_data.o)
 .bss           0x0080010e        0x0 g:/eclipse_uc/avr/winavr/bin/../lib/gcc/avr/4.3.3/avr5\libgcc.a(_clear_bss.o)
 .bss           0x0080010e        0x0 g:/eclipse_uc/avr/winavr/bin/../lib/gcc/avr/4.3.3/avr5\libgcc.a(_udivmodhi4.o)
 .bss           0x0080010e        0x0 g:/eclipse_uc/avr/winavr/bin/../lib/gcc/avr/4.3.3/../../../../avr/lib/avr5\libc.a(ftoa_engine.o)
 .bss           0x0080010e        0x0 g:/eclipse_uc/avr/winavr/bin/../lib/gcc/avr/4.3.3/../../../../avr/lib/avr5\libc.a(strnlen_P.o)
 .bss           0x0080010e        0x0 g:/eclipse_uc/avr/winavr/bin/../lib/gcc/avr/4.3.3/../../../../avr/lib/avr5\libc.a(strnlen.o)
 .bss           0x0080010e        0x0 g:/eclipse_uc/avr/winavr/bin/../lib/gcc/avr/4.3.3/../../../../avr/lib/avr5\libc.a(fputc.o)
 .bss           0x0080010e        0x0 g:/eclipse_uc/avr/winavr/bin/../lib/gcc/avr/4.3.3/../../../../avr/lib/avr5\libc.a(puts.o)
 .bss           0x0080010e        0x0 g:/eclipse_uc/avr/winavr/bin/../lib/gcc/avr/4.3.3/../../../../avr/lib/avr5\libc.a(ultoa_invert.o)
 .bss           0x0080010e        0x0 g:/eclipse_uc/avr/winavr/bin/../lib/gcc/avr/4.3.3/../../../../avr/lib/avr5\libc.a(iob.o)
 *(.bss*)
 .bss.UART_TxBuf
                0x0080010e       0x20 ./uart/uart.o
 .bss.UART_RxBuf
                0x0080012e       0x20 ./uart/uart.o
 .bss.UART_TxHead
                0x0080014e        0x1 ./uart/uart.o
 .bss.UART_TxTail
                0x0080014f        0x1 ./uart/uart.o
 .bss.UART_RxHead
                0x00800150        0x1 ./uart/uart.o
 .bss.UART_RxTail
                0x00800151        0x1 ./uart/uart.o
 .bss.UART_LastRxError
                0x00800152        0x1 ./uart/uart.o
 .bss.q1        0x00800153        0x4 ./mpu6050/mpu6050.o
                0x00800153                q1
 .bss.q2        0x00800157        0x4 ./mpu6050/mpu6050.o
                0x00800157                q2
 .bss.q3        0x0080015b        0x4 ./mpu6050/mpu6050.o
                0x0080015b                q3
 .bss.integralFBx
                0x0080015f        0x4 ./mpu6050/mpu6050.o
                0x0080015f                integralFBx
 .bss.integralFBy
                0x00800163        0x4 ./mpu6050/mpu6050.o
                0x00800163                integralFBy
 .bss.integralFBz
                0x00800167        0x4 ./mpu6050/mpu6050.o
                0x00800167                integralFBz
 *(COMMON)
 COMMON         0x0080016b        0xe ./mpu6050/mpu6050.o
                0x0080016b                buffer
 COMMON         0x00800179        0x6 g:/eclipse_uc/avr/winavr/bin/../lib/gcc/avr/4.3.3/../../../../avr/lib/avr5\libc.a(iob.o)
                0x00800179                __iob
                0x0080017f                PROVIDE (__bss_end, .)
                0x00002eec                __data_load_start = LOADADDR (.data)
                0x00002efa                __data_load_end = (__data_load_start + SIZEOF (.data))

.noinit         0x0080017f        0x0
                0x0080017f                PROVIDE (__noinit_start, .)
 *(.noinit*)
                0x0080017f                PROVIDE (__noinit_end, .)
                0x0080017f                _end = .
                0x0080017f                PROVIDE (__heap_start, .)

.eeprom         0x00810000        0x0
 *(.eeprom*)
                0x00810000                __eeprom_end = .

.fuse
 *(.fuse)
 *(.lfuse)
 *(.hfuse)
 *(.efuse)

.lock
 *(.lock*)

.signature
 *(.signature*)

.stab
 *(.stab)

.stabstr
 *(.stabstr)

.stab.excl
 *(.stab.excl)

.stab.exclstr
 *(.stab.exclstr)

.stab.index
 *(.stab.index)

.stab.indexstr
 *(.stab.indexstr)

.comment
 *(.comment)

.debug
 *(.debug)

.line
 *(.line)

.debug_srcinfo
 *(.debug_srcinfo)

.debug_sfnames
 *(.debug_sfnames)

.debug_aranges
 *(.debug_aranges)

.debug_pubnames
 *(.debug_pubnames)

.debug_info
 *(.debug_info)
 *(.gnu.linkonce.wi.*)

.debug_abbrev
 *(.debug_abbrev)

.debug_line
 *(.debug_line)

.debug_frame
 *(.debug_frame)

.debug_str
 *(.debug_str)

.debug_loc
 *(.debug_loc)

.debug_macinfo
 *(.debug_macinfo)
OUTPUT(MPU6050_martink.elf elf32-avr)
LOAD linker stubs
